Traceback (most recent call last):
  File "/opt/anaconda3/envs/mariposa/lib/python3.8/site-packages/jupyter_cache/executors/utils.py", line 58, in single_nb_execution
    executenb(
  File "/opt/anaconda3/envs/mariposa/lib/python3.8/site-packages/nbclient/client.py", line 1305, in execute
    return NotebookClient(nb=nb, resources=resources, km=km, **kwargs).execute()
  File "/opt/anaconda3/envs/mariposa/lib/python3.8/site-packages/jupyter_core/utils/__init__.py", line 165, in wrapped
    return loop.run_until_complete(inner)
  File "/opt/anaconda3/envs/mariposa/lib/python3.8/asyncio/base_events.py", line 616, in run_until_complete
    return future.result()
  File "/opt/anaconda3/envs/mariposa/lib/python3.8/site-packages/nbclient/client.py", line 705, in async_execute
    await self.async_execute_cell(
  File "/opt/anaconda3/envs/mariposa/lib/python3.8/site-packages/nbclient/client.py", line 1058, in async_execute_cell
    await self._check_raise_for_error(cell, cell_index, exec_reply)
  File "/opt/anaconda3/envs/mariposa/lib/python3.8/site-packages/nbclient/client.py", line 914, in _check_raise_for_error
    raise CellExecutionError.from_cell_and_msg(cell, exec_reply_content)
nbclient.exceptions.CellExecutionError: An error occurred while executing the following cell:
------------------
import numpy as np
import pandas as pd
import matplotlib.pyplot as plt
import os
from scipy.stats import ttest_ind
from sklearn.decomposition import PCA
from utils import analyze, plot, metadata, simulate
import json
import importlib
from matplotlib.animation import FuncAnimation, FFMpegWriter
from IPython.display import HTML

importlib.reload(metadata)
importlib.reload(analyze)
importlib.reload(plot)
importlib.reload(simulate)
------------------


[0;31m---------------------------------------------------------------------------[0m
[0;31mModuleNotFoundError[0m                       Traceback (most recent call last)
Cell [0;32mIn[1], line 7[0m
[1;32m      5[0m [38;5;28;01mfrom[39;00m [38;5;21;01mscipy[39;00m[38;5;21;01m.[39;00m[38;5;21;01mstats[39;00m [38;5;28;01mimport[39;00m ttest_ind
[1;32m      6[0m [38;5;28;01mfrom[39;00m [38;5;21;01msklearn[39;00m[38;5;21;01m.[39;00m[38;5;21;01mdecomposition[39;00m [38;5;28;01mimport[39;00m PCA
[0;32m----> 7[0m [38;5;28;01mfrom[39;00m [38;5;21;01mutils[39;00m [38;5;28;01mimport[39;00m analyze, plot, metadata, simulate
[1;32m      8[0m [38;5;28;01mimport[39;00m [38;5;21;01mjson[39;00m
[1;32m      9[0m [38;5;28;01mimport[39;00m [38;5;21;01mimportlib[39;00m

[0;31mModuleNotFoundError[0m: No module named 'utils'

